> Task :compileJava UP-TO-DATE
> Task :processResources UP-TO-DATE
> Task :classes UP-TO-DATE
> Task :resolveMainClassName

> Task :bootRun

  .   ____          _            __ _ _
 /\\ / ___'_ __ _ _(_)_ __  __ _ \ \ \ \
( ( )\___ | '_ | '_| | '_ \/ _` | \ \ \ \
 \\/  ___)| |_)| | | | | || (_| |  ) ) ) )
  '  |____| .__|_| |_|_| |_\__, | / / / /
 =========|_|==============|___/=/_/_/_/

 :: Spring Boot ::                (v4.0.7)

2026-07-30T17:32:46.544+09:00  INFO 27196 --- [iread-backend] [           main] c.iread.backend.IreadBackendApplication  : Starting IreadBackendApplication using Java 21.0.11 with PID 27196 (C:\Users\SSAFY\Desktop\code\pjt1\iRead-backend\build\classes\java\main started by SSAFY in C:\Users\SSAFY\Desktop\code\pjt1\iRead-backend)
2026-07-30T17:32:46.544+09:00  INFO 27196 --- [iread-backend] [           main] c.iread.backend.IreadBackendApplication  : The following 1 profile is active: "demo"
2026-07-30T17:32:47.453+09:00  INFO 27196 --- [iread-backend] [           main] .s.d.r.c.RepositoryConfigurationDelegate : Multiple Spring Data modules found, entering strict repository configuration mode
2026-07-30T17:32:47.454+09:00  INFO 27196 --- [iread-backend] [           main] .s.d.r.c.RepositoryConfigurationDelegate : Bootstrapping Spring Data JPA repositories in DEFAULT mode.
2026-07-30T17:32:47.655+09:00  INFO 27196 --- [iread-backend] [           main] .s.d.r.c.RepositoryConfigurationDelegate : Finished Spring Data repository scanning in 198 ms. Found 24 JPA repository interfaces.
2026-07-30T17:32:47.691+09:00  INFO 27196 --- [iread-backend] [           main] .s.d.r.c.RepositoryConfigurationDelegate : Multiple Spring Data modules found, entering strict repository configuration mode
2026-07-30T17:32:47.694+09:00  INFO 27196 --- [iread-backend] [           main] .s.d.r.c.RepositoryConfigurationDelegate : Bootstrapping Spring Data Redis repositories in DEFAULT mode.
2026-07-30T17:32:47.734+09:00  INFO 27196 --- [iread-backend] [           main] .RepositoryConfigurationExtensionSupport : Spring Data Redis - Could not safely identify store assignment for repository candidate interface com.iread.backend.auth.repository.AuthRefreshSessionRepository; If you want this repository to be a Redis repository, consider annotating your entities with one of these annotations: org.springframework.data.redis.core.RedisHash (preferred), or consider extending one of the following types with your repository: org.springframework.data.keyvalue.repository.KeyValueRepository
2026-07-30T17:32:47.734+09:00  INFO 27196 --- [iread-backend] [           main] .RepositoryConfigurationExtensionSupport : Spring Data Redis - Could not safely identify store assignment for repository candidate interface com.iread.backend.auth.repository.PasswordResetTokenRepository; If you want this repository to be a Redis repository, consider annotating your entities with one of these annotations: org.springframework.data.redis.core.RedisHash (preferred), or consider extending one of the following types with your repository: org.springframework.data.keyvalue.repository.KeyValueRepository
2026-07-30T17:32:47.734+09:00  INFO 27196 --- [iread-backend] [           main] .RepositoryConfigurationExtensionSupport : Spring Data Redis - Could not safely identify store assignment for repository candidate interface com.iread.backend.gaze.repository.GazeAnalysisResultRepository; If you want this repository to be a Redis repository, consider annotating your entities with one of these annotations: org.springframework.data.redis.core.RedisHash (preferred), or consider extending one of the following types with your repository: org.springframework.data.keyvalue.repository.KeyValueRepository
2026-07-30T17:32:47.734+09:00  INFO 27196 --- [iread-backend] [           main] .RepositoryConfigurationExtensionSupport : Spring Data Redis - Could not safely identify store assignment for repository candidate interface com.iread.backend.gaze.repository.GazeSessionRepository; If you want this repository to be a Redis repository, consider annotating your entities with one of these annotations: org.springframework.data.redis.core.RedisHash (preferred), or consider extending one of the following types with your repository: org.springframework.data.keyvalue.repository.KeyValueRepository
2026-07-30T17:32:47.734+09:00  INFO 27196 --- [iread-backend] [           main] .RepositoryConfigurationExtensionSupport : Spring Data Redis - Could not safely identify store assignment for repository candidate interface com.iread.backend.mypage.repository.CharacterRepository; If you want this repository to be a Redis repository, consider annotating your entities with one of these annotations: org.springframework.data.redis.core.RedisHash (preferred), or consider extending one of the following types with your repository: org.springframework.data.keyvalue.repository.KeyValueRepository
2026-07-30T17:32:47.734+09:00  INFO 27196 --- [iread-backend] [           main] .RepositoryConfigurationExtensionSupport : Spring Data Redis - Could not safely identify store assignment for repository candidate interface com.iread.backend.readingfeature.repository.ReadingFeatureRepository; If you want this repository to be a Redis repository, consider annotating your entities with one of these annotations: org.springframework.data.redis.core.RedisHash (preferred), or consider extending one of the following types with your repository: org.springframework.data.keyvalue.repository.KeyValueRepository
2026-07-30T17:32:47.734+09:00  INFO 27196 --- [iread-backend] [           main] .RepositoryConfigurationExtensionSupport : Spring Data Redis - Could not safely identify store assignment for repository candidate interface com.iread.backend.readingfeature.repository.StudentFeatureProfileRepository; If you want this repository to be a Redis repository, consider annotating your entities with one of these annotations: org.springframework.data.redis.core.RedisHash (preferred), or consider extending one of the following types with your repository: org.springframework.data.keyvalue.repository.KeyValueRepository
2026-07-30T17:32:47.734+09:00  INFO 27196 --- [iread-backend] [           main] .RepositoryConfigurationExtensionSupport : Spring Data Redis - Could not safely identify store assignment for repository candidate interface com.iread.backend.report.repository.ReportRepository; If you want this repository to be a Redis repository, consider annotating your entities with one of these annotations: org.springframework.data.redis.core.RedisHash (preferred), or consider extending one of the following types with your repository: org.springframework.data.keyvalue.repository.KeyValueRepository
2026-07-30T17:32:47.734+09:00  INFO 27196 --- [iread-backend] [           main] .RepositoryConfigurationExtensionSupport : Spring Data Redis - Could not safely identify store assignment for repository candidate interface com.iread.backend.story.repository.StoryChoiceRepository; If you want this repository to be a Redis repository, consider annotating your entities with one of these annotations: org.springframework.data.redis.core.RedisHash (preferred), or consider extending one of the following types with your repository: org.springframework.data.keyvalue.repository.KeyValueRepository
2026-07-30T17:32:47.734+09:00  INFO 27196 --- [iread-backend] [           main] .RepositoryConfigurationExtensionSupport : Spring Data Redis - Could not safely identify store assignment for repository candidate interface com.iread.backend.story.repository.StoryLineRepository; If you want this repository to be a Redis repository, consider annotating your entities with one of these annotations: org.springframework.data.redis.core.RedisHash (preferred), or consider extending one of the following types with your repository: org.springframework.data.keyvalue.repository.KeyValueRepository
2026-07-30T17:32:47.734+09:00  INFO 27196 --- [iread-backend] [           main] .RepositoryConfigurationExtensionSupport : Spring Data Redis - Could not safely identify store assignment for repository candidate interface com.iread.backend.story.repository.StoryRepository; If you want this repository to be a Redis repository, consider annotating your entities with one of these annotations: org.springframework.data.redis.core.RedisHash (preferred), or consider extending one of the following types with your repository: org.springframework.data.keyvalue.repository.KeyValueRepository
2026-07-30T17:32:47.734+09:00  INFO 27196 --- [iread-backend] [           main] .RepositoryConfigurationExtensionSupport : Spring Data Redis - Could not safely identify store assignment for repository candidate interface com.iread.backend.story.repository.StorySceneRepository; If you want this repository to be a Redis repository, consider annotating your entities with one of these annotations: org.springframework.data.redis.core.RedisHash (preferred), or consider extending one of the following types with your repository: org.springframework.data.keyvalue.repository.KeyValueRepository
2026-07-30T17:32:47.734+09:00  INFO 27196 --- [iread-backend] [           main] .RepositoryConfigurationExtensionSupport : Spring Data Redis - Could not safely identify store assignment for repository candidate interface com.iread.backend.story.repository.StoryTemplateRepository; If you want this repository to be a Redis repository, consider annotating your entities with one of these annotations: org.springframework.data.redis.core.RedisHash (preferred), or consider extending one of the following types with your repository: org.springframework.data.keyvalue.repository.KeyValueRepository
2026-07-30T17:32:47.734+09:00  INFO 27196 --- [iread-backend] [           main] .RepositoryConfigurationExtensionSupport : Spring Data Redis - Could not safely identify store assignment for repository candidate interface com.iread.backend.student.repository.StudentRepository; If you want this repository to be a Redis repository, consider annotating your entities with one of these annotations: org.springframework.data.redis.core.RedisHash (preferred), or consider extending one of the following types with your repository: org.springframework.data.keyvalue.repository.KeyValueRepository
2026-07-30T17:32:47.734+09:00  INFO 27196 --- [iread-backend] [           main] .RepositoryConfigurationExtensionSupport : Spring Data Redis - Could not safely identify store assignment for repository candidate interface com.iread.backend.teacher.repository.TeacherRepository; If you want this repository to be a Redis repository, consider annotating your entities with one of these annotations: org.springframework.data.redis.core.RedisHash (preferred), or consider extending one of the following types with your repository: org.springframework.data.keyvalue.repository.KeyValueRepository
2026-07-30T17:32:47.734+09:00  INFO 27196 --- [iread-backend] [           main] .RepositoryConfigurationExtensionSupport : Spring Data Redis - Could not safely identify store assignment for repository candidate interface com.iread.backend.test.repository.StudentTestRepository; If you want this repository to be a Redis repository, consider annotating your entities with one of these annotations: org.springframework.data.redis.core.RedisHash (preferred), or consider extending one of the following types with your repository: org.springframework.data.keyvalue.repository.KeyValueRepository
2026-07-30T17:32:47.740+09:00  INFO 27196 --- [iread-backend] [           main] .RepositoryConfigurationExtensionSupport : Spring Data Redis - Could not safely identify store assignment for repository candidate interface com.iread.backend.test.repository.TestCurriculumRepository; If you want this repository to be a Redis repository, consider annotating your entities with one of these annotations: org.springframework.data.redis.core.RedisHash (preferred), or consider extending one of the following types with your repository: org.springframework.data.keyvalue.repository.KeyValueRepository
2026-07-30T17:32:47.740+09:00  INFO 27196 --- [iread-backend] [           main] .RepositoryConfigurationExtensionSupport : Spring Data Redis - Could not safely identify store assignment for repository candidate interface com.iread.backend.test.repository.TestDataRepository; If you want this repository to be a Redis repository, consider annotating your entities with one of these annotations: org.springframework.data.redis.core.RedisHash (preferred), or consider extending one of the following types with your repository: org.springframework.data.keyvalue.repository.KeyValueRepository
2026-07-30T17:32:47.740+09:00  INFO 27196 --- [iread-backend] [           main] .RepositoryConfigurationExtensionSupport : Spring Data Redis - Could not safely identify store assignment for repository candidate interface com.iread.backend.training.repository.DailyCurriculumRepository; If you want this repository to be a Redis repository, consider annotating your entities with one of these annotations: org.springframework.data.redis.core.RedisHash (preferred), or consider extending one of the following types with your repository: org.springframework.data.keyvalue.repository.KeyValueRepository
2026-07-30T17:32:47.740+09:00  INFO 27196 --- [iread-backend] [           main] .RepositoryConfigurationExtensionSupport : Spring Data Redis - Could not safely identify store assignment for repository candidate interface com.iread.backend.training.repository.TrainingDataRepository; If you want this repository to be a Redis repository, consider annotating your entities with one of these annotations: org.springframework.data.redis.core.RedisHash (preferred), or consider extending one of the following types with your repository: org.springframework.data.keyvalue.repository.KeyValueRepository
2026-07-30T17:32:47.740+09:00  INFO 27196 --- [iread-backend] [           main] .RepositoryConfigurationExtensionSupport : Spring Data Redis - Could not safely identify store assignment for repository candidate interface com.iread.backend.training.repository.TrainingRepository; If you want this repository to be a Redis repository, consider annotating your entities with one of these annotations: org.springframework.data.redis.core.RedisHash (preferred), or consider extending one of the following types with your repository: org.springframework.data.keyvalue.repository.KeyValueRepository
2026-07-30T17:32:47.740+09:00  INFO 27196 --- [iread-backend] [           main] .RepositoryConfigurationExtensionSupport : Spring Data Redis - Could not safely identify store assignment for repository candidate interface com.iread.backend.training.repository.TrainingTemplateRepository; If you want this repository to be a Redis repository, consider annotating your entities with one of these annotations: org.springframework.data.redis.core.RedisHash (preferred), or consider extending one of the following types with your repository: org.springframework.data.keyvalue.repository.KeyValueRepository
2026-07-30T17:32:47.740+09:00  INFO 27196 --- [iread-backend] [           main] .RepositoryConfigurationExtensionSupport : Spring Data Redis - Could not safely identify store assignment for repository candidate interface com.iread.backend.training.repository.WordRepository; If you want this repository to be a Redis repository, consider annotating your entities with one of these annotations: org.springframework.data.redis.core.RedisHash (preferred), or consider extending one of the following types with your repository: org.springframework.data.keyvalue.repository.KeyValueRepository
2026-07-30T17:32:47.740+09:00  INFO 27196 --- [iread-backend] [           main] .RepositoryConfigurationExtensionSupport : Spring Data Redis - Could not safely identify store assignment for repository candidate interface com.iread.backend.wordattempt.repository.WordAttemptLogRepository; If you want this repository to be a Redis repository, consider annotating your entities with one of these annotations: org.springframework.data.redis.core.RedisHash (preferred), or consider extending one of the following types with your repository: org.springframework.data.keyvalue.repository.KeyValueRepository
2026-07-30T17:32:47.740+09:00  INFO 27196 --- [iread-backend] [           main] .s.d.r.c.RepositoryConfigurationDelegate : Finished Spring Data repository scanning in 40 ms. Found 0 Redis repository interfaces.
2026-07-30T17:32:47.891+09:00  WARN 27196 --- [iread-backend] [           main] o.m.s.mapper.ClassPathMapperScanner      : No MyBatis mapper was found in '[com.iread.backend]' package. Please check your configuration.
2026-07-30T17:32:48.263+09:00  INFO 27196 --- [iread-backend] [           main] o.s.boot.tomcat.TomcatWebServer          : Tomcat initialized with port 8090 (http)
2026-07-30T17:32:48.278+09:00  INFO 27196 --- [iread-backend] [           main] o.apache.catalina.core.StandardService   : Starting service [Tomcat]
2026-07-30T17:32:48.278+09:00  INFO 27196 --- [iread-backend] [           main] o.apache.catalina.core.StandardEngine    : Starting Servlet engine: [Apache Tomcat/11.0.22]
2026-07-30T17:32:48.343+09:00  INFO 27196 --- [iread-backend] [           main] b.w.c.s.WebApplicationContextInitializer : Root WebApplicationContext: initialization completed in 1758 ms
2026-07-30T17:32:48.645+09:00  INFO 27196 --- [iread-backend] [           main] com.zaxxer.hikari.HikariDataSource       : HikariPool-1 - Starting...
2026-07-30T17:32:48.889+09:00  INFO 27196 --- [iread-backend] [           main] com.zaxxer.hikari.pool.HikariPool        : HikariPool-1 - Added connection com.mysql.cj.jdbc.ConnectionImpl@5a78b52b
2026-07-30T17:32:48.890+09:00  INFO 27196 --- [iread-backend] [           main] com.zaxxer.hikari.HikariDataSource       : HikariPool-1 - Start completed.
2026-07-30T17:32:48.931+09:00  INFO 27196 --- [iread-backend] [           main] org.flywaydb.core.FlywayExecutor         : Database: jdbc:mysql://localhost:3306/iread?serverTimezone=Asia/Seoul&characterEncoding=UTF-8 (MySQL 8.4)
2026-07-30T17:32:49.287+09:00  WARN 27196 --- [iread-backend] [           main] o.f.c.internal.database.base.Database    : Using MySQL 8.4 which is newer than the version Flyway has been verified with. The latest verified version of MySQL is 8.1.
2026-07-30T17:32:49.332+09:00  INFO 27196 --- [iread-backend] [           main] o.f.core.internal.command.DbValidate     : Successfully validated 5 migrations (execution time 00:00.030s)
2026-07-30T17:32:49.350+09:00  INFO 27196 --- [iread-backend] [           main] o.f.core.internal.command.DbMigrate      : Current version of schema `iread`: 4
2026-07-30T17:32:49.362+09:00  INFO 27196 --- [iread-backend] [           main] o.f.core.internal.command.DbMigrate      : Migrating schema `iread` to version "5 - rename character table"
2026-07-30T17:32:49.413+09:00  INFO 27196 --- [iread-backend] [           main] o.f.core.internal.command.DbMigrate      : Successfully applied 1 migration to schema `iread`, now at version v5 (execution time 00:00.024s)
2026-07-30T17:32:49.524+09:00  INFO 27196 --- [iread-backend] [           main] org.hibernate.orm.jpa                    : HHH008540: Processing PersistenceUnitInfo [name: default]
2026-07-30T17:32:49.571+09:00  INFO 27196 --- [iread-backend] [           main] org.hibernate.orm.core                   : HHH000001: Hibernate ORM core version 7.2.19.Final
2026-07-30T17:32:50.019+09:00  INFO 27196 --- [iread-backend] [           main] o.s.o.j.p.SpringPersistenceUnitInfo      : No LoadTimeWeaver setup: ignoring JPA class transformer
2026-07-30T17:32:50.078+09:00  WARN 27196 --- [iread-backend] [           main] org.hibernate.orm.deprecation            : HHH90000025: MySQLDialect does not need to be specified explicitly using 'hibernate.dialect' (remove the property setting and it will be selected by default)
2026-07-30T17:32:50.092+09:00  INFO 27196 --- [iread-backend] [           main] org.hibernate.orm.connections.pooling    : HHH10001005: Database info:
	Database JDBC URL [jdbc:mysql://localhost:3306/iread?serverTimezone=Asia/Seoul&characterEncoding=UTF-8]
	Database driver: MySQL Connector/J
	Database dialect: MySQLDialect
	Database version: 8.4.10
	Default catalog/schema: iread/undefined
	Autocommit mode: undefined/unknown
	Isolation level: REPEATABLE_READ [default REPEATABLE_READ]
	JDBC fetch size: none
	Pool: DataSourceConnectionProvider
	Minimum pool size: undefined/unknown
	Maximum pool size: undefined/unknown
2026-07-30T17:32:51.159+09:00  INFO 27196 --- [iread-backend] [           main] org.hibernate.orm.core                   : HHH000489: No JTA platform available (set 'hibernate.transaction.jta.platform' to enable JTA platform integration)
2026-07-30T17:32:51.213+09:00  INFO 27196 --- [iread-backend] [           main] j.LocalContainerEntityManagerFactoryBean : Initialized JPA EntityManagerFactory for persistence unit 'default'
2026-07-30T17:32:51.380+09:00  INFO 27196 --- [iread-backend] [           main] o.s.d.j.r.query.QueryEnhancerFactories   : Hibernate is in classpath; If applicable, HQL parser will be used.
2026-07-30T17:32:52.683+09:00  WARN 27196 --- [iread-backend] [           main] JpaBaseConfiguration$JpaWebConfiguration : spring.jpa.open-in-view is enabled by default. Therefore, database queries may be performed during view rendering. Explicitly configure spring.jpa.open-in-view to disable this warning
2026-07-30T17:32:52.725+09:00  WARN 27196 --- [iread-backend] [           main] .s.a.UserDetailsServiceAutoConfiguration : 

Using generated security password: aafb4e62-0c8c-4cb8-b2ca-6474c13b2fcd

This generated password is for development use only. Your security configuration must be updated before running your application in production.

2026-07-30T17:32:52.730+09:00  INFO 27196 --- [iread-backend] [           main] r$InitializeUserDetailsManagerConfigurer : Global AuthenticationManager configured with UserDetailsService bean with name inMemoryUserDetailsManager
2026-07-30T17:32:53.006+09:00  WARN 27196 --- [iread-backend] [           main] o.s.w.s.resource.ResourceHandlerUtils    : Appended trailing slash to static resource location: file:///C:/Users/SSAFY/Desktop/code/pjt1/iRead-backend/uploads/images/
2026-07-30T17:32:53.657+09:00  INFO 27196 --- [iread-backend] [           main] o.s.boot.tomcat.TomcatWebServer          : Tomcat started on port 8090 (http) with context path '/'
2026-07-30T17:32:53.667+09:00  INFO 27196 --- [iread-backend] [           main] c.iread.backend.IreadBackendApplication  : Started IreadBackendApplication in 7.46 seconds (process running for 7.813)
2026-07-30T17:32:55.434+09:00  WARN 27196 --- [iread-backend] [           main] o.s.core.events.SpringDocAppInitializer  : SpringDoc /v3/api-docs endpoint is enabled by default. To disable it in production, set the property 'springdoc.api-docs.enabled=false'
2026-07-30T17:32:55.434+09:00  WARN 27196 --- [iread-backend] [           main] o.s.core.events.SpringDocAppInitializer  : SpringDoc /swagger-ui.html endpoint is enabled by default. To disable it in production, set the property 'springdoc.swagger-ui.enabled=false'
2026-07-30T17:33:21.313+09:00  INFO 27196 --- [iread-backend] [nio-8090-exec-1] o.a.c.c.C.[Tomcat].[localhost].[/]       : Initializing Spring DispatcherServlet 'dispatcherServlet'
2026-07-30T17:33:21.314+09:00  INFO 27196 --- [iread-backend] [nio-8090-exec-1] o.s.web.servlet.DispatcherServlet        : Initializing Servlet 'dispatcherServlet'
2026-07-30T17:33:21.316+09:00  INFO 27196 --- [iread-backend] [nio-8090-exec-1] o.s.web.servlet.DispatcherServlet        : Completed initialization in 2 ms
